exports[`Dummy Test > toMatchSnapshot - HTML #0`] = `
<div id="site-map">
  <a href="/home">home</a> <a href="/bootstrap">bootstrap</a>
  <a href="/bulma">bulma</a> <a href="/foundation">foundation</a>
  <a href="/materialize">materialize</a> <a href="/navs">navs</a>
  <a href="/semantic">semantic</a> <a href="/uikit">uikit</a>
</div>
`;
